// Jest Snapshot v1, https://goo.gl/fbAQLP

exports[`App component tests snapshot test 1`] = `
<div
  className="App"
>
  <div
    className="MuiGrid-root MuiGrid-container MuiGrid-spacing-xs-3"
  >
    <div
      className="MuiGrid-root MuiGrid-item MuiGrid-grid-xs-12"
    >
      <div
        className="makeStyles-root-2"
      >
        <header
          className="MuiPaper-root MuiAppBar-root MuiAppBar-positionStatic MuiAppBar-colorPrimary makeStyles-appBar-3 MuiPaper-elevation4"
        >
          <div
            className="MuiGrid-root MuiGrid-container MuiGrid-spacing-xs-2 MuiGrid-align-items-xs-center MuiGrid-justify-xs-space-between"
          >
            <div
              className="MuiGrid-root MuiGrid-item"
            >
              <h6
                className="MuiTypography-root MuiTypography-h6 MuiTypography-colorInherit"
              >
                Sensor Management
              </h6>
            </div>
            <div
              className="MuiGrid-root MuiGrid-item"
            >
              <label
                className="MuiGrid-root MuiGrid-container MuiGrid-spacing-xs-1 MuiGrid-align-items-xs-center"
              >
                <div
                  className="MuiGrid-root MuiGrid-item"
                >
                  Show Connected
                </div>
                <div
                  className="MuiGrid-root MuiGrid-item"
                >
                  <span
                    className="MuiSwitch-root"
                  >
                    <span
                      aria-disabled={false}
                      className="MuiButtonBase-root MuiIconButton-root PrivateSwitchBase-root-4 MuiSwitch-switchBase MuiSwitch-colorSecondary PrivateSwitchBase-checked-5 Mui-checked"
                      onBlur={[Function]}
                      onDragLeave={[Function]}
                      onFocus={[Function]}
                      onKeyDown={[Function]}
                      onKeyUp={[Function]}
                      onMouseDown={[Function]}
                      onMouseLeave={[Function]}
                      onMouseUp={[Function]}
                      onTouchEnd={[Function]}
                      onTouchMove={[Function]}
                      onTouchStart={[Function]}
                      tabIndex={null}
                    >
                      <span
                        className="MuiIconButton-label"
                      >
                        <input
                          checked={true}
                          className="PrivateSwitchBase-input-7 MuiSwitch-input"
                          onChange={[Function]}
                          type="checkbox"
                          value="checked"
                        />
                        <span
                          className="MuiSwitch-thumb"
                        />
                      </span>
                    </span>
                    <span
                      className="MuiSwitch-track"
                    />
                  </span>
                </div>
                <div
                  className="MuiGrid-root MuiGrid-item"
                >
                  Show All
                </div>
              </label>
            </div>
          </div>
        </header>
      </div>
    </div>
    <div
      className="MuiGrid-root makeStyles-sensorCardsSection-1 MuiGrid-container MuiGrid-spacing-xs-3"
    >
      <div
        className="MuiGrid-root MuiGrid-item MuiGrid-grid-xs-12 MuiGrid-grid-sm-4 MuiGrid-grid-md-4 MuiGrid-grid-lg-4"
      >
        <div
          className="MuiPaper-root MuiCard-root MuiPaper-outlined MuiPaper-rounded"
        >
          <div
            className="MuiCardContent-root"
          >
            <h2
              className="MuiTypography-root MuiTypography-h5"
            />
            <h6
              className="MuiTypography-root MuiTypography-h6 MuiTypography-gutterBottom"
            >
              ID: 
            </h6>
            <h6
              className="MuiTypography-root MuiTypography-h6 MuiTypography-gutterBottom"
            >
              Connection Status: 
              Disconnected
            </h6>
            <h6
              className="MuiTypography-root MuiTypography-h6 MuiTypography-gutterBottom"
            >
              Value(in unit): 
              -
            </h6>
          </div>
          <div
            className="MuiCardActions-root MuiCardActions-spacing"
          >
            <button
              className="MuiButtonBase-root MuiButton-root MuiButton-contained makeStyles-button-8 MuiButton-containedPrimary MuiButton-containedSizeLarge MuiButton-sizeLarge"
              disabled={false}
              onBlur={[Function]}
              onClick={[Function]}
              onDragLeave={[Function]}
              onFocus={[Function]}
              onKeyDown={[Function]}
              onKeyUp={[Function]}
              onMouseDown={[Function]}
              onMouseLeave={[Function]}
              onMouseUp={[Function]}
              onTouchEnd={[Function]}
              onTouchMove={[Function]}
              onTouchStart={[Function]}
              tabIndex={0}
              type="button"
            >
              <span
                className="MuiButton-label"
              >
                Connect
              </span>
            </button>
          </div>
        </div>
      </div>
      <div
        className="MuiGrid-root MuiGrid-item MuiGrid-grid-xs-12 MuiGrid-grid-sm-4 MuiGrid-grid-md-4 MuiGrid-grid-lg-4"
      >
        <div
          className="MuiPaper-root MuiCard-root MuiPaper-outlined MuiPaper-rounded"
        >
          <div
            className="MuiCardContent-root"
          >
            <h2
              className="MuiTypography-root MuiTypography-h5"
            />
            <h6
              className="MuiTypography-root MuiTypography-h6 MuiTypography-gutterBottom"
            >
              ID: 
            </h6>
            <h6
              className="MuiTypography-root MuiTypography-h6 MuiTypography-gutterBottom"
            >
              Connection Status: 
              Disconnected
            </h6>
            <h6
              className="MuiTypography-root MuiTypography-h6 MuiTypography-gutterBottom"
            >
              Value(in unit): 
              -
            </h6>
          </div>
          <div
            className="MuiCardActions-root MuiCardActions-spacing"
          >
            <button
              className="MuiButtonBase-root MuiButton-root MuiButton-contained makeStyles-button-8 MuiButton-containedPrimary MuiButton-containedSizeLarge MuiButton-sizeLarge"
              disabled={false}
              onBlur={[Function]}
              onClick={[Function]}
              onDragLeave={[Function]}
              onFocus={[Function]}
              onKeyDown={[Function]}
              onKeyUp={[Function]}
              onMouseDown={[Function]}
              onMouseLeave={[Function]}
              onMouseUp={[Function]}
              onTouchEnd={[Function]}
              onTouchMove={[Function]}
              onTouchStart={[Function]}
              tabIndex={0}
              type="button"
            >
              <span
                className="MuiButton-label"
              >
                Connect
              </span>
            </button>
          </div>
        </div>
      </div>
      <div
        className="MuiGrid-root MuiGrid-item MuiGrid-grid-xs-12 MuiGrid-grid-sm-4 MuiGrid-grid-md-4 MuiGrid-grid-lg-4"
      >
        <div
          className="MuiPaper-root MuiCard-root MuiPaper-outlined MuiPaper-rounded"
        >
          <div
            className="MuiCardContent-root"
          >
            <h2
              className="MuiTypography-root MuiTypography-h5"
            />
            <h6
              className="MuiTypography-root MuiTypography-h6 MuiTypography-gutterBottom"
            >
              ID: 
            </h6>
            <h6
              className="MuiTypography-root MuiTypography-h6 MuiTypography-gutterBottom"
            >
              Connection Status: 
              Disconnected
            </h6>
            <h6
              className="MuiTypography-root MuiTypography-h6 MuiTypography-gutterBottom"
            >
              Value(in unit): 
              -
            </h6>
          </div>
          <div
            className="MuiCardActions-root MuiCardActions-spacing"
          >
            <button
              className="MuiButtonBase-root MuiButton-root MuiButton-contained makeStyles-button-8 MuiButton-containedPrimary MuiButton-containedSizeLarge MuiButton-sizeLarge"
              disabled={false}
              onBlur={[Function]}
              onClick={[Function]}
              onDragLeave={[Function]}
              onFocus={[Function]}
              onKeyDown={[Function]}
              onKeyUp={[Function]}
              onMouseDown={[Function]}
              onMouseLeave={[Function]}
              onMouseUp={[Function]}
              onTouchEnd={[Function]}
              onTouchMove={[Function]}
              onTouchStart={[Function]}
              tabIndex={0}
              type="button"
            >
              <span
                className="MuiButton-label"
              >
                Connect
              </span>
            </button>
          </div>
        </div>
      </div>
      <div
        className="MuiGrid-root MuiGrid-item MuiGrid-grid-xs-12 MuiGrid-grid-sm-4 MuiGrid-grid-md-4 MuiGrid-grid-lg-4"
      >
        <div
          className="MuiPaper-root MuiCard-root MuiPaper-outlined MuiPaper-rounded"
        >
          <div
            className="MuiCardContent-root"
          >
            <h2
              className="MuiTypography-root MuiTypography-h5"
            />
            <h6
              className="MuiTypography-root MuiTypography-h6 MuiTypography-gutterBottom"
            >
              ID: 
            </h6>
            <h6
              className="MuiTypography-root MuiTypography-h6 MuiTypography-gutterBottom"
            >
              Connection Status: 
              Disconnected
            </h6>
            <h6
              className="MuiTypography-root MuiTypography-h6 MuiTypography-gutterBottom"
            >
              Value(in unit): 
              -
            </h6>
          </div>
          <div
            className="MuiCardActions-root MuiCardActions-spacing"
          >
            <button
              className="MuiButtonBase-root MuiButton-root MuiButton-contained makeStyles-button-8 MuiButton-containedPrimary MuiButton-containedSizeLarge MuiButton-sizeLarge"
              disabled={false}
              onBlur={[Function]}
              onClick={[Function]}
              onDragLeave={[Function]}
              onFocus={[Function]}
              onKeyDown={[Function]}
              onKeyUp={[Function]}
              onMouseDown={[Function]}
              onMouseLeave={[Function]}
              onMouseUp={[Function]}
              onTouchEnd={[Function]}
              onTouchMove={[Function]}
              onTouchStart={[Function]}
              tabIndex={0}
              type="button"
            >
              <span
                className="MuiButton-label"
              >
                Connect
              </span>
            </button>
          </div>
        </div>
      </div>
      <div
        className="MuiGrid-root MuiGrid-item MuiGrid-grid-xs-12 MuiGrid-grid-sm-4 MuiGrid-grid-md-4 MuiGrid-grid-lg-4"
      >
        <div
          className="MuiPaper-root MuiCard-root MuiPaper-outlined MuiPaper-rounded"
        >
          <div
            className="MuiCardContent-root"
          >
            <h2
              className="MuiTypography-root MuiTypography-h5"
            />
            <h6
              className="MuiTypography-root MuiTypography-h6 MuiTypography-gutterBottom"
            >
              ID: 
            </h6>
            <h6
              className="MuiTypography-root MuiTypography-h6 MuiTypography-gutterBottom"
            >
              Connection Status: 
              Disconnected
            </h6>
            <h6
              className="MuiTypography-root MuiTypography-h6 MuiTypography-gutterBottom"
            >
              Value(in unit): 
              -
            </h6>
          </div>
          <div
            className="MuiCardActions-root MuiCardActions-spacing"
          >
            <button
              className="MuiButtonBase-root MuiButton-root MuiButton-contained makeStyles-button-8 MuiButton-containedPrimary MuiButton-containedSizeLarge MuiButton-sizeLarge"
              disabled={false}
              onBlur={[Function]}
              onClick={[Function]}
              onDragLeave={[Function]}
              onFocus={[Function]}
              onKeyDown={[Function]}
              onKeyUp={[Function]}
              onMouseDown={[Function]}
              onMouseLeave={[Function]}
              onMouseUp={[Function]}
              onTouchEnd={[Function]}
              onTouchMove={[Function]}
              onTouchStart={[Function]}
              tabIndex={0}
              type="button"
            >
              <span
                className="MuiButton-label"
              >
                Connect
              </span>
            </button>
          </div>
        </div>
      </div>
      <div
        className="MuiGrid-root MuiGrid-item MuiGrid-grid-xs-12 MuiGrid-grid-sm-4 MuiGrid-grid-md-4 MuiGrid-grid-lg-4"
      >
        <div
          className="MuiPaper-root MuiCard-root MuiPaper-outlined MuiPaper-rounded"
        >
          <div
            className="MuiCardContent-root"
          >
            <h2
              className="MuiTypography-root MuiTypography-h5"
            />
            <h6
              className="MuiTypography-root MuiTypography-h6 MuiTypography-gutterBottom"
            >
              ID: 
            </h6>
            <h6
              className="MuiTypography-root MuiTypography-h6 MuiTypography-gutterBottom"
            >
              Connection Status: 
              Disconnected
            </h6>
            <h6
              className="MuiTypography-root MuiTypography-h6 MuiTypography-gutterBottom"
            >
              Value(in unit): 
              -
            </h6>
          </div>
          <div
            className="MuiCardActions-root MuiCardActions-spacing"
          >
            <button
              className="MuiButtonBase-root MuiButton-root MuiButton-contained makeStyles-button-8 MuiButton-containedPrimary MuiButton-containedSizeLarge MuiButton-sizeLarge"
              disabled={false}
              onBlur={[Function]}
              onClick={[Function]}
              onDragLeave={[Function]}
              onFocus={[Function]}
              onKeyDown={[Function]}
              onKeyUp={[Function]}
              onMouseDown={[Function]}
              onMouseLeave={[Function]}
              onMouseUp={[Function]}
              onTouchEnd={[Function]}
              onTouchMove={[Function]}
              onTouchStart={[Function]}
              tabIndex={0}
              type="button"
            >
              <span
                className="MuiButton-label"
              >
                Connect
              </span>
            </button>
          </div>
        </div>
      </div>
    </div>
  </div>
</div>
`;
